20110203082634Lh 6 0 ['20110203082534Lh', '20110203082734Lh', '20110203082434Lh', '20110203082834Lh']
20110326170914Mh 3 19 ['20110326171014Mh', '20110326171114Mh', '20110326171214Mh', '20110326170914Th', '20110326170854Bh']
20110525063154Uh 6 6 ['20110525063054Uh', '20110525063254Uh', '20110525062954Uh', '20110525063354Uh', '20110525063134Lh', '20110525063234Lh']
20110727063234Lh 5 0 ['20110727063334Lh', '20110727063034Lh', '20110727063434Lh', '20110727062934Lh']
20111019063154Uh 6 1 ['20111019063054Uh', '20111019063254Uh', '20111019062954Uh', '20111019063354Uh', '20111019063134Lh']
20111222063154Uh 6 6 ['20111222063054Uh', '20111222063254Uh', '20111222062954Uh', '20111222063354Uh', '20111222063134Lh', '20111222063234Lh']
20120215153654Bh 1 6 ['20120215153854Bh', '20120215153634Ch', '20120215153734Ch']
20120414115434Ch 3 1 ['20120414115534Ch', '20120414115634Ch', '20120414115734Ch', '20120414115354Uh']
20120627162114Mh 0 10 ['20120627162054Bh', '20120627162134Ch']
20120814140454Bh 2 6 ['20120814140654Bh', '20120814140754Bh', '20120814140514Th', '20120814140414Th']
20120928063134Lh 6 0 ['20120928063034Lh', '20120928063234Lh', '20120928062934Lh', '20120928063334Lh']
20121118092514Th 0 12 ['20121118092454Uh', '20121118092534Lh']
20130214111534Ch 3 6 ['20130214111634Ch', '20130214111734Ch', '20130214111834Ch', '20130214111514Th', '20130214111614Th']
20130404063134Lh 6 6 ['20130404063034Lh', '20130404063234Lh', '20130404062934Lh', '20130404063334Lh', '20130404063154Uh', '20130404063054Uh']
20130616070414Th 3 6 ['20130616070514Th', '20130616070614Th', '20130616070714Th', '20130616070434Lh', '20130616070334Lh']
20130813060834Lh 6 0 ['20130813060734Lh', '20130813060934Lh', '20130813060634Lh', '20130813061034Lh']
20131013185334Ch 6 6 ['20131013185234Ch', '20131013185434Ch', '20131013185134Ch', '20131013185534Ch', '20131013185354Bh', '20131013185254Bh']
20131115185414Mh 6 19 ['20131115185314Mh', '20131115185514Mh', '20131115185214Mh', '20131115185614Mh', '20131115185414Sh', '20131115185354Bh']
20140122180214Mh 6 19 ['20140122180114Mh', '20140122180314Mh', '20140122180014Mh', '20140122180414Mh', '20140122180214Sh', '20140122180154Bh']
20140312081114Th 3 12 ['20140312081214Th', '20140312081314Th', '20140312081414Th', '20140312081054Uh', '20140312081134Lh']
20140513012554Uh 3 13 ['20140513012654Uh', '20140513012754Uh', '20140513012854Uh', '20140513012554Bh', '20140513012534Lh']
20140710083214Th 1 9 ['20140710083414Th', '20140710083154Uh', '20140710083234Lh']
20140817195834Ch 6 18 ['20140817195734Ch', '20140817195934Ch', '20140817195634Ch', '20140817200034Ch', '20140817195814Mh', '20140817195814Sh']
20141001195834Ch 6 19 ['20141001195734Ch', '20141001195934Ch', '20141001195634Ch', '20141001200034Ch', '20141001195814Sh', '20141001195854Bh']
20141106195854Bh 6 25 ['20141106195754Bh', '20141106195954Bh', '20141106195654Bh', '20141106200054Bh', '20141106195854Zh', '20141106195834Ch']
20150207084414Th 3 9 ['20150207084514Th', '20150207084614Th', '20150207084714Th', '20150207084354Uh', '20150207084334Lh']
20150330081954Uh 6 0 ['20150330081854Uh', '20150330082054Uh', '20150330081754Uh', '20150330082154Uh']
20150621161314Mh 3 26 ['20150621161414Mh', '20150621161514Mh', '20150621161614Mh', '20150621161314Sh', '20150621161314Th']
20150820152254Bh 1 19 ['20150820152354Bh', '20150820152254Zh', '20150820152234Ch']
20151117172314Mh 3 16 ['20151117172414Mh', '20151117172514Mh', '20151117172614Mh', '20151117172314Sh', '20151117172254Zh']
20160110133714Th 6 6 ['20160110133614Th', '20160110133814Th', '20160110133514Th', '20160110133914Th', '20160110133734Ch', '20160110133634Ch']
20160315133714Th 6 3 ['20160315133614Th', '20160315133814Th', '20160315133514Th', '20160315133914Th', '20160315133534Ch', '20160315133934Ch']
20160430133714Th 6 12 ['20160430133614Th', '20160430133814Th', '20160430133514Th', '20160430133914Th', '20160430133654Zh', '20160430133734Ch']
20160617133654Bh 4 14 ['20160617133554Bh', '20160617133754Bh', '20160617133854Bh', '20160617133954Bh', '20160617133654Zh', '20160617133634Ch']
20160920230134Lh 3 14 ['20160920230234Lh', '20160920230334Lh', '20160920230434Lh', '20160920230114Mh', '20160920230114Sh']
20161205133714Th 6 6 ['20161205133614Th', '20161205133814Th', '20161205133514Th', '20161205133914Th', '20161205133734Ch', '20161205133634Ch']
20170125133734Ch 6 6 ['20170125133634Ch', '20170125133834Ch', '20170125133534Ch', '20170125133934Ch', '20170125133714Th', '20170125133814Th']
20170423014350Uh 3 6 ['20170423014450Uh', '20170423014550Uh', '20170423014650Uh', '20170423014330Lh', '20170423014430Lh']
20170804140650Bh 3 12 ['20170804140750Bh', '20170804140850Bh', '20170804140950Bh', '20170804140630Ch', '20170804140710Th']
20171007133730Ch 6 6 ['20171007133630Ch', '20171007133830Ch', '20171007133530Ch', '20171007133930Ch', '20171007133710Th', '20171007133810Th']
20171106171510Mh 3 19 ['20171106171610Mh', '20171106171710Mh', '20171106171810Mh', '20171106171510Sh', '20171106171450Bh']
20180306081810Th 3 12 ['20180306081910Th', '20180306082010Th', '20180306082110Th', '20180306081750Uh', '20180306081830Lh']
20180926014350Uh 3 6 ['20180926014450Uh', '20180926014550Uh', '20180926014650Uh', '20180926014330Lh', '20180926014430Lh']
20190704123830Ch 3 6 ['20190704123930Ch', '20190704124030Ch', '20190704124130Ch', '20190704123810Th', '20190704123910Th']
20210201020330Lh 6 6 ['20210201020230Lh', '20210201020430Lh', '20210201020130Lh', '20210201020530Lh', '20210201020310Mh', '20210201020410Mh']
20210814044930Lh 6 0 ['20210814044830Lh', '20210814045030Lh', '20210814044730Lh', '20210814045130Lh']
20220622205632Bh 0 6 ['20220622205652Mh', '20220622205552Mh']
done
