20110220082634Lh 5 0 ['20110220082734Lh', '20110220082434Lh', '20110220082834Lh', '20110220082334Lh']
20110425063154Uh 6 1 ['20110425063054Uh', '20110425063254Uh', '20110425062954Uh', '20110425063354Uh', '20110425063034Lh']
20110615133454Bh 3 6 ['20110615133554Bh', '20110615133654Bh', '20110615133754Bh', '20110615133514Th', '20110615133414Th']
20110823120334Ch 3 6 ['20110823120434Ch', '20110823120534Ch', '20110823120634Ch', '20110823120314Th', '20110823120414Th']
20111112193254Bh 1 12 ['20111112193354Bh', '20111112193234Ch', '20111112193314Mh']
20120104063134Lh 6 6 ['20120104063034Lh', '20120104063234Lh', '20120104062934Lh', '20120104063334Lh', '20120104063154Uh', '20120104063054Uh']
20120227161654Bh 1 11 ['20120227161754Bh', '20120227161634Ch', '20120227161714Th']
20120414175914Mh 1 13 ['20120414180014Mh', '20120414175914Th', '20120414175934Ch']
20120723095014Th 1 0 ['20120723095114Th']
20120814163114Mh 3 16 ['20120814163214Mh', '20120814163314Mh', '20120814163414Mh', '20120814163114Th', '20120814163054Bh']
20121021145454Bh 3 12 ['20121021145554Bh', '20121021145654Bh', '20121021145754Bh', '20121021145434Ah', '20121021145514Th']
20121219063154Uh 6 6 ['20121219063054Uh', '20121219063254Uh', '20121219062954Uh', '20121219063354Uh', '20121219063134Lh', '20121219063234Lh']
20130225171214Mh 1 32 ['20130225171414Mh', '20130225171214Sh', '20130225171214Th']
20130423072414Th 3 6 ['20130423072514Th', '20130423072614Th', '20130423072714Th', '20130423072434Lh', '20130423072334Lh']
20130716162214Mh 3 24 ['20130716162314Mh', '20130716162414Mh', '20130716162514Mh', '20130716162214Sh', '20130716162214Th']
20130905073714Th 3 6 ['20130905073814Th', '20130905073914Th', '20130905074014Th', '20130905073734Lh', '20130905073634Lh']
20131025185414Mh 6 25 ['20131025185314Mh', '20131025185514Mh', '20131025185214Mh', '20131025185614Mh', '20131025185414Sh', '20131025185354Bh']
20131201192134Ch 6 19 ['20131201192034Ch', '20131201192234Ch', '20131201191934Ch', '20131201192334Ch', '20131201192114Sh', '20131201192154Bh']
20140212024554Uh 3 6 ['20140212024654Uh', '20140212024754Uh', '20140212024854Uh', '20140212024534Lh', '20140212024634Lh']
20140409081614Th 3 12 ['20140409081714Th', '20140409081814Th', '20140409081914Th', '20140409081554Uh', '20140409081634Lh']
20140601195814Mh 6 18 ['20140601195714Mh', '20140601195914Mh', '20140601195614Mh', '20140601200014Mh', '20140601195754Bh', '20140601195754Zh']
20140723071614Th 3 6 ['20140723071714Th', '20140723071814Th', '20140723071914Th', '20140723071634Lh', '20140723071534Lh']
20140908175354Bh 1 24 ['20140908175454Bh', '20140908175334Ch', '20140908175414Mh']
20141010195834Ch 5 18 ['20141010195734Ch', '20141010195634Ch', '20141010200034Ch', '20141010195534Ch', '20141010195814Mh', '20141010195814Sh']
20141214201834Ch 6 17 ['20141214201734Ch', '20141214201934Ch', '20141214201634Ch', '20141214202034Ch', '20141214201814Sh', '20141214201854Bh']
20150228082414Th 3 6 ['20150228082514Th', '20150228082614Th', '20150228082714Th', '20150228082434Lh', '20150228082334Lh']
20150427162314Mh 3 30 ['20150427162414Mh', '20150427162514Mh', '20150427162614Mh', '20150427162314Sh', '20150427162314Th']
20150630083214Th 1 6 ['20150630083314Th', '20150630083234Lh', '20150630083134Lh']
20150919165814Mh 3 25 ['20150919165914Mh', '20150919170014Mh', '20150919170114Mh', '20150919165814Sh', '20150919165814Th']
20151209201754Bh 1 18 ['20151209201854Bh', '20151209201734Ch', '20151209201814Mh']
20160204133734Ch 6 0 ['20160204133634Ch', '20160204133834Ch', '20160204133534Ch', '20160204133934Ch']
20160401133734Ch 6 6 ['20160401133634Ch', '20160401133834Ch', '20160401133534Ch', '20160401133934Ch', '20160401133714Th', '20160401133814Th']
20160430133734Ch 6 12 ['20160430133634Ch', '20160430133834Ch', '20160430133534Ch', '20160430133934Ch', '20160430133714Th', '20160430133754Zh']
20160703133714Th 6 13 ['20160703133614Th', '20160703133814Th', '20160703133514Th', '20160703133914Th', '20160703133714Sh', '20160703133654Zh']
20161012133734Ch 6 6 ['20161012133634Ch', '20161012133834Ch', '20161012133534Ch', '20161012133934Ch', '20161012133714Th', '20161012133814Th']
20161224024154Uh 3 12 ['20161224024254Uh', '20161224024354Uh', '20161224024454Uh', '20161224024134Lh', '20161224024214Mh']
20170316133730Ch 6 5 ['20170316133630Ch', '20170316133830Ch', '20170316133530Ch', '20170316133930Ch', '20170316133710Th', '20170316133810Th']
20170609133710Th 6 23 ['20170609133610Th', '20170609133810Th', '20170609133510Th', '20170609133910Th', '20170609133710Sh', '20170609133650Bh']
20170831170750Bh 1 31 ['20170831170850Bh', '20170831170750Zh', '20170831170730Ch']
20171025133730Ch 6 6 ['20171025133630Ch', '20171025133830Ch', '20171025133530Ch', '20171025133930Ch', '20171025133710Th', '20171025133810Th']
20171123133730Ch 6 5 ['20171123133630Ch', '20171123133830Ch', '20171123133530Ch', '20171123133930Ch', '20171123133710Th', '20171123133810Th']
20180712123630Ch 3 6 ['20180712123730Ch', '20180712123830Ch', '20180712123930Ch', '20180712123610Th', '20180712123710Th']
20181102104630Ch 3 12 ['20181102104730Ch', '20181102104830Ch', '20181102104930Ch', '20181102104610Th', '20181102104650Uh']
20200105073250Uh 6 0 ['20200105073150Uh', '20200105073350Uh', '20200105073050Uh', '20200105073450Uh']
20210616142650Bh 1 9 ['20210616142750Bh', '20210616142650Zh', '20210616142710Th']
20211222120130Ch 6 5 ['20211222120030Ch', '20211222120230Ch', '20211222115930Ch', '20211222120330Ch', '20211222120110Th', '20211222120210Th']
20220803074752Th 3 5 ['20220803074852Th', '20220803074952Th', '20220803075052Th', '20220803074812Lh', '20220803074712Lh']
done
