20110109104734Ch 3 12 ['20110109104834Ch', '20110109104934Ch', '20110109105034Ch', '20110109104714Th', '20110109104754Uh']
20110313082654Uh 6 6 ['20110313082554Uh', '20110313082754Uh', '20110313082454Uh', '20110313082854Uh', '20110313082634Lh', '20110313082734Lh']
20110511063154Uh 6 0 ['20110511063054Uh', '20110511063254Uh', '20110511062954Uh', '20110511063354Uh']
20110623063134Lh 6 0 ['20110623063034Lh', '20110623063234Lh', '20110623062934Lh', '20110623063334Lh']
20110918112834Ch 2 6 ['20110918112934Ch', '20110918113134Ch', '20110918112814Th', '20110918112914Th']
20111206102934Ch 3 12 ['20111206103034Ch', '20111206103134Ch', '20111206103234Ch', '20111206102914Th', '20111206102954Uh']
20120127085214Th 3 6 ['20120127085314Th', '20120127085414Th', '20120127085514Th', '20120127085154Uh', '20120127085254Uh']
20120328164614Mh 3 13 ['20120328164714Mh', '20120328164814Mh', '20120328164914Mh', '20120328164614Th', '20120328164554Bh']
20120509163414Mh 3 19 ['20120509163514Mh', '20120509163614Mh', '20120509163714Mh', '20120509163414Th', '20120509163354Bh']
20120802090314Th 0 2 ['20120802090434Lh', '20120802090534Lh']
20120907141954Bh 3 12 ['20120907142054Bh', '20120907142154Bh', '20120907142254Bh', '20120907141934Ch', '20120907142014Th']
20121030150354Bh 3 12 ['20121030150454Bh', '20121030150554Bh', '20121030150654Bh', '20121030150334Ah', '20121030150334Ch']
20130116172814Mh 3 18 ['20130116172914Mh', '20130116173014Mh', '20130116173114Mh', '20130116172754Bh', '20130116172834Ah']
20130314165714Mh 3 22 ['20130314165814Mh', '20130314165914Mh', '20130314170014Mh', '20130314165714Th', '20130314165654Bh']
20130517063134Lh 6 6 ['20130517063034Lh', '20130517063234Lh', '20130517062934Lh', '20130517063334Lh', '20130517063154Uh', '20130517063054Uh']
20130807073114Th 3 6 ['20130807073214Th', '20130807073314Th', '20130807073414Th', '20130807073134Lh', '20130807073034Lh']
20130925143254Bh 3 25 ['20130925143354Bh', '20130925143454Bh', '20130925143554Bh', '20130925143254Zh', '20130925143234Ah']
20131101222734Lh 3 24 ['20131101222834Lh', '20131101222934Lh', '20131101223034Lh', '20131101222714Mh', '20131101222714Sh']
20131225065154Uh 1 6 ['20131225065254Uh', '20131225065134Lh', '20131225065234Lh']
20140312025454Uh 1 6 ['20140312025554Uh', '20140312025434Lh', '20140312025534Lh']
20140428233234Lh 3 12 ['20140428233334Lh', '20140428233434Lh', '20140428233534Lh', '20140428233214Sh', '20140428233254Bh']
20140609195854Bh 6 25 ['20140609195754Bh', '20140609195954Bh', '20140609195654Bh', '20140609200054Bh', '20140609195854Zh', '20140609195834Ch']
20140806195834Ch 6 24 ['20140806195734Ch', '20140806195934Ch', '20140806195634Ch', '20140806200034Ch', '20140806195814Mh', '20140806195814Sh']
20140908231334Lh 3 9 ['20140908231434Lh', '20140908231534Lh', '20140908231634Lh', '20140908231314Sh', '20140908231354Bh']
20141024195834Ch 6 24 ['20141024195734Ch', '20141024195934Ch', '20141024195634Ch', '20141024200034Ch', '20141024195814Mh', '20141024195814Sh']
20150116082034Lh 6 6 ['20150116081934Lh', '20150116082134Lh', '20150116081834Lh', '20150116082234Lh', '20150116082054Uh', '20150116081954Uh']
20150315082034Lh 6 12 ['20150315081934Lh', '20150315082134Lh', '20150315081834Lh', '20150315082234Lh', '20150315082014Th', '20150315082054Uh']
20150610082014Th 6 10 ['20150610081914Th', '20150610082114Th', '20150610081814Th', '20150610082214Th', '20150610081954Uh', '20150610082034Lh']
20150720082014Th 6 1 ['20150720081914Th', '20150720082114Th', '20150720081814Th', '20150720082214Th', '20150720081834Lh']
20151019223534Lh 3 12 ['20151019223634Lh', '20151019223734Lh', '20151019223834Lh', '20151019223514Mh', '20151019223514Sh']
20151226133734Ch 6 6 ['20151226133634Ch', '20151226133834Ch', '20151226133534Ch', '20151226133934Ch', '20151226133714Th', '20151226133814Th']
20160226173214Mh 3 19 ['20160226173314Mh', '20160226173414Mh', '20160226173514Mh', '20160226173214Sh', '20160226173154Bh']
20160401170314Mh 3 29 ['20160401170414Mh', '20160401170514Mh', '20160401170614Mh', '20160401170314Sh', '20160401170314Th']
20160526011254Uh 3 16 ['20160526011354Uh', '20160526011454Uh', '20160526011554Uh', '20160526011234Lh', '20160526011314Sh']
20160804133734Ch 6 6 ['20160804133634Ch', '20160804133834Ch', '20160804133534Ch', '20160804133934Ch', '20160804133714Th', '20160804133814Th']
20161109171714Mh 3 28 ['20161109171814Mh', '20161109171914Mh', '20161109172014Mh', '20161109171714Sh', '20161109171714Th']
20170106133714Th 6 6 ['20170106133614Th', '20170106133814Th', '20170106133514Th', '20170106133914Th', '20170106133734Ch', '20170106133634Ch']
20170408133710Th 6 0 ['20170408133610Th', '20170408133810Th', '20170408133510Th', '20170408133910Th']
20170719235330Lh 3 6 ['20170719235430Lh', '20170719235530Lh', '20170719235630Lh', '20170719235350Bh', '20170719235250Bh']
20171007133710Th 6 6 ['20171007133610Th', '20171007133810Th', '20171007133510Th', '20171007133910Th', '20171007133730Ch', '20171007133630Ch']
20171025223130Lh 3 6 ['20171025223230Lh', '20171025223330Lh', '20171025223430Lh', '20171025223150Bh', '20171025223050Bh']
20171123222130Lh 3 14 ['20171123222230Lh', '20171123222330Lh', '20171123222430Lh', '20171123222130Ch', '20171123222150Bh']
20180825205030Ch 6 7 ['20180825204930Ch', '20180825205130Ch', '20180825204830Ch', '20180825205230Ch', '20180825205034Ah', '20180825205050Bh']
20190609123330Ch 3 8 ['20190609123430Ch', '20190609123530Ch', '20190609123630Ch', '20190609123310Th', '20190609123350Uh']
20200806053830Lh 6 0 ['20200806053730Lh', '20200806053930Lh', '20200806053630Lh', '20200806054030Lh']
20210721123430Ch 3 6 ['20210721123530Ch', '20210721123630Ch', '20210721123730Ch', '20210721123410Th', '20210721123510Th']
20220122085210Th 3 9 ['20220122085310Th', '20220122085410Th', '20220122085510Th', '20220122085150Uh', '20220122085130Lh']
done
