0 20110109104714Th.jpg r=906.1 22s
1 20110109104834Ch.jpg r=904.8 40s
2 20110109105034Ch.jpg r=904.6 59s
3 20110203082534Lh.jpg r=904.4 74s
4 20110203082834Lh.jpg r=904.1 93s
5 20110220082434Lh.jpg r=904.0 112s
6 20110220082834Lh.jpg r=903.5 129s
7 20110313082554Uh.jpg r=905.1 152s
8 20110313082734Lh.jpg r=903.9 170s
9 20110313082854Uh.jpg r=904.8 188s
10 20110326170914Th.jpg r=905.5 208s
11 20110326171114Mh.jpg r=904.6 226s
12 20110425062954Uh.jpg r=905.7 243s
13 20110425063054Uh.jpg r=905.6 261s
14 20110425063354Uh.jpg r=905.7 275s
15 20110511063054Uh.jpg r=905.8 290s
16 20110511063354Uh.jpg r=905.7 301s
17 20110525063054Uh.jpg r=905.7 317s
18 20110525063234Lh.jpg r=904.0 338s
19 20110525063354Uh.jpg r=905.5 355s
20 20110615133514Th.jpg r=905.9 379s
21 20110615133654Bh.jpg r=904.5 399s
22 20110623062934Lh.jpg r=904.6 417s
23 20110623063234Lh.jpg r=904.3 437s
24 20110727062934Lh.jpg r=904.9 460s
25 20110727063334Lh.jpg r=904.4 477s
26 20110823120314Th.jpg r=906.1 495s
27 20110823120434Ch.jpg r=905.5 514s
28 20110823120634Ch.jpg r=905.8 533s
29 20110918112914Th.jpg r=905.3 555s
30 20110918113134Ch.jpg r=904.2 575s
31 20111019063054Uh.jpg r=904.6 596s
32 20111019063254Uh.jpg r=904.5 614s
33 20111112193234Ch.jpg r=905.0 633s
34 20111112193354Bh.jpg r=905.7 648s
35 20111206102954Uh.jpg r=904.9 669s
36 20111206103134Ch.jpg r=905.0 690s
37 20111222062954Uh.jpg r=905.2 711s
38 20111222063134Lh.jpg r=904.8 727s
39 20111222063254Uh.jpg r=905.1 742s
40 20120104062934Lh.jpg r=905.0 756s
41 20120104063054Uh.jpg r=905.5 769s
42 20120104063234Lh.jpg r=905.0 786s
43 20120127085154Uh.jpg r=905.0 803s
44 20120127085314Th.jpg r=905.6 817s
45 20120127085514Th.jpg r=905.6 830s
46 20120215153734Ch.jpg r=905.5 847s
47 20120227161634Ch.jpg r=905.9 863s
48 20120227161754Bh.jpg r=905.8 877s
49 20120328164614Th.jpg r=905.8 893s
50 20120328164814Mh.jpg r=905.1 910s
51 20120414115354Uh.jpg r=905.6 928s
52 20120414115634Ch.jpg r=905.2 944s
53 20120414175914Th.jpg r=905.9 962s
54 20120414180014Mh.jpg r=904.9 977s
55 20120509163414Th.jpg r=906.2 995s
56 20120509163614Mh.jpg r=905.0 1010s
57 20120627162054Bh.jpg r=903.6 1028s
58 20120723095114Th.jpg r=905.5 1043s
59 20120802090534Lh.jpg r=904.1 1051s
60 20120814140514Th.jpg r=906.0 1067s
61 20120814140754Bh.jpg r=904.4 1086s
62 20120814163114Th.jpg r=905.9 1102s
63 20120814163314Mh.jpg r=904.9 1121s
64 20120907141934Ch.jpg r=906.0 1136s
65 20120907142054Bh.jpg r=904.7 1150s
66 20120907142254Bh.jpg r=904.4 1167s
67 20120928063034Lh.jpg r=904.9 1182s
68 20120928063334Lh.jpg r=905.1 1196s
69 20121021145514Th.jpg r=905.7 1212s
70 20121021145654Bh.jpg r=905.1 1227s
71 20121030150334Ah.jpg r=905.1 1242s
72 20121030150454Bh.jpg r=905.5 1257s
73 20121030150654Bh.jpg r=905.5 1274s
74 20121118092534Lh.jpg r=905.1 1292s
75 20121219063054Uh.jpg r=905.7 1308s
76 20121219063234Lh.jpg r=905.8 1326s
77 20121219063354Uh.jpg r=905.5 1346s
78 20130116172834Ah.jpg r=905.1 1385s
79 20130116173014Mh.jpg r=905.1 1406s
80 20130214111514Th.jpg r=905.5 1427s
81 20130214111634Ch.jpg r=904.7 1445s
82 20130214111834Ch.jpg r=904.6 1457s
83 20130225171214Th.jpg r=905.7 1472s
84 20130314165654Bh.jpg r=904.7 1486s
85 20130314165814Mh.jpg r=905.1 1500s
86 20130314170014Mh.jpg r=905.1 1513s
87 20130404063034Lh.jpg r=905.4 1530s
88 20130404063154Uh.jpg r=905.6 1542s
89 20130404063334Lh.jpg r=905.2 1554s
90 20130423072434Lh.jpg r=904.9 1566s
91 20130423072614Th.jpg r=904.9 1577s
92 20130517062934Lh.jpg r=905.1 1590s
93 20130517063054Uh.jpg r=905.7 1602s
94 20130517063234Lh.jpg r=905.1 1616s
95 20130616070334Lh.jpg r=905.0 1630s
96 20130616070514Th.jpg r=905.3 1644s
97 20130616070714Th.jpg r=905.3 1660s
98 20130716162214Th.jpg r=905.9 1676s
99 20130716162414Mh.jpg r=904.7 1689s
100 20130807073034Lh.jpg r=905.0 1703s
101 20130807073214Th.jpg r=905.4 1716s
102 20130807073414Th.jpg r=905.4 1731s
103 20130813060734Lh.jpg r=905.1 1740s
104 20130813061034Lh.jpg r=905.1 1754s
105 20130905073734Lh.jpg r=905.0 1769s
106 20130905073914Th.jpg r=905.2 1790s
107 20130925143234Ah.jpg r=904.5 1807s
108 20130925143354Bh.jpg r=904.7 1824s
109 20130925143554Bh.jpg r=905.2 1840s
110 20131013185234Ch.jpg r=905.0 1855s
111 20131013185354Bh.jpg r=904.8 1879s
112 20131013185534Ch.jpg r=904.8 1909s
113 20131025185314Mh.jpg r=904.5 1948s
