0 20110109104754Uh.jpg r=906.0 22s
1 20110109104934Ch.jpg r=904.7 40s
2 20110203082434Lh.jpg r=904.0 58s
3 20110203082734Lh.jpg r=904.3 74s
4 20110220082334Lh.jpg r=903.6 92s
5 20110220082734Lh.jpg r=903.7 112s
6 20110313082454Uh.jpg r=905.2 130s
7 20110313082634Lh.jpg r=903.9 152s
8 20110313082754Uh.jpg r=905.1 170s
9 20110326170854Bh.jpg r=904.4 187s
10 20110326171014Mh.jpg r=904.6 207s
11 20110326171214Mh.jpg r=904.7 225s
12 20110425063034Lh.jpg r=904.5 243s
13 20110425063254Uh.jpg r=905.6 261s
14 20110511062954Uh.jpg r=905.7 274s
15 20110511063254Uh.jpg r=905.8 290s
16 20110525062954Uh.jpg r=905.5 301s
17 20110525063134Lh.jpg r=904.7 317s
18 20110525063254Uh.jpg r=905.7 338s
19 20110615133414Th.jpg r=905.9 354s
20 20110615133554Bh.jpg r=904.6 378s
21 20110615133754Bh.jpg r=904.1 399s
22 20110623063034Lh.jpg r=904.5 417s
23 20110623063334Lh.jpg r=904.5 438s
24 20110727063034Lh.jpg r=904.7 460s
25 20110727063434Lh.jpg r=904.8 477s
26 20110823120414Th.jpg r=906.0 496s
27 20110823120534Ch.jpg r=905.0 514s
28 20110918112814Th.jpg r=905.5 534s
29 20110918112934Ch.jpg r=904.2 555s
30 20111019062954Uh.jpg r=904.6 575s
31 20111019063134Lh.jpg r=908.1 597s
32 20111019063354Uh.jpg r=904.9 614s
33 20111112193314Mh.jpg r=904.8 633s
34 20111206102914Th.jpg r=905.9 649s
35 20111206103034Ch.jpg r=904.8 670s
36 20111206103234Ch.jpg r=904.8 691s
37 20111222063054Uh.jpg r=905.3 711s
38 20111222063234Lh.jpg r=904.9 728s
39 20111222063354Uh.jpg r=905.1 743s
40 20120104063034Lh.jpg r=904.7 756s
41 20120104063154Uh.jpg r=905.4 770s
42 20120104063334Lh.jpg r=904.6 786s
43 20120127085254Uh.jpg r=905.3 804s
44 20120127085414Th.jpg r=905.6 818s
45 20120215153634Ch.jpg r=905.4 831s
46 20120215153854Bh.jpg r=905.8 847s
47 20120227161714Th.jpg r=905.7 863s
48 20120328164554Bh.jpg r=904.6 878s
49 20120328164714Mh.jpg r=905.1 893s
50 20120328164914Mh.jpg r=905.0 910s
51 20120414115534Ch.jpg r=905.2 928s
52 20120414115734Ch.jpg r=905.1 944s
53 20120414175934Ch.jpg r=905.6 962s
54 20120509163354Bh.jpg r=905.1 977s
55 20120509163514Mh.jpg r=905.0 995s
56 20120509163714Mh.jpg r=905.0 1010s
57 20120627162134Ch.jpg r=905.8 1028s
58 20120802090434Lh.jpg r=903.1 1042s
59 20120814140414Th.jpg r=905.9 1051s
60 20120814140654Bh.jpg r=893.8 1066s
61 20120814163054Bh.jpg r=903.9 1086s
62 20120814163214Mh.jpg r=904.9 1102s
63 20120814163414Mh.jpg r=905.0 1122s
64 20120907142014Th.jpg r=905.6 1136s
65 20120907142154Bh.jpg r=904.5 1150s
66 20120928062934Lh.jpg r=904.9 1167s
67 20120928063234Lh.jpg r=905.0 1182s
68 20121021145434Ah.jpg r=905.0 1196s
69 20121021145554Bh.jpg r=905.3 1212s
70 20121021145754Bh.jpg r=905.1 1226s
71 20121030150334Ch.jpg r=905.8 1242s
72 20121030150554Bh.jpg r=905.4 1257s
73 20121118092454Uh.jpg r=905.3 1274s
74 20121219062954Uh.jpg r=905.6 1292s
75 20121219063134Lh.jpg r=905.9 1309s
76 20121219063254Uh.jpg r=905.6 1327s
77 20130116172754Bh.jpg r=905.6 1346s
78 20130116172914Mh.jpg r=905.3 1385s
79 20130116173114Mh.jpg r=905.1 1407s
80 20130214111614Th.jpg r=905.6 1428s
81 20130214111734Ch.jpg r=904.7 1445s
82 20130225171214Sh.jpg r=907.8 1458s
83 20130225171414Mh.jpg r=905.2 1472s
84 20130314165714Th.jpg r=907.3 1486s
85 20130314165914Mh.jpg r=905.1 1501s
86 20130404062934Lh.jpg r=905.3 1514s
87 20130404063054Uh.jpg r=905.7 1530s
88 20130404063234Lh.jpg r=905.3 1542s
89 20130423072334Lh.jpg r=904.8 1554s
90 20130423072514Th.jpg r=905.1 1566s
91 20130423072714Th.jpg r=904.7 1577s
92 20130517063034Lh.jpg r=905.1 1590s
93 20130517063154Uh.jpg r=905.6 1603s
94 20130517063334Lh.jpg r=905.2 1616s
95 20130616070434Lh.jpg r=904.1 1630s
96 20130616070614Th.jpg r=905.2 1645s
97 20130716162214Sh.jpg r=907.4 1661s
98 20130716162314Mh.jpg r=904.7 1676s
99 20130716162514Mh.jpg r=904.7 1689s
100 20130807073134Lh.jpg r=905.0 1704s
101 20130807073314Th.jpg r=905.4 1716s
102 20130813060634Lh.jpg r=905.0 1731s
103 20130813060934Lh.jpg r=904.8 1741s
104 20130905073634Lh.jpg r=905.0 1755s
105 20130905073814Th.jpg r=905.2 1769s
106 20130905074014Th.jpg r=905.2 1790s
107 20130925143254Zh.jpg r=905.5 1807s
108 20130925143454Bh.jpg r=904.6 1823s
109 20131013185134Ch.jpg r=904.7 1840s
110 20131013185254Bh.jpg r=904.8 1855s
111 20131013185434Ch.jpg r=904.6 1879s
112 20131025185214Mh.jpg r=904.3 1909s
113 20131025185354Bh.jpg r=904.6 1948s
