228 20131025185414Sh.jpg r=907.4 9s
229 20131025185514Mh.jpg r=904.5 13s
230 20131025185614Mh.jpg r=904.4 17s
231 20131101222714Mh.jpg r=904.9 20s
232 20131101222714Sh.jpg r=904.8 23s
233 20131101222834Lh.jpg r=904.5 27s
234 20131101222934Lh.jpg r=904.7 31s
235 20131101223034Lh.jpg r=904.5 35s
236 20131115185214Mh.jpg r=904.8 39s
237 20131115185314Mh.jpg r=904.9 43s
238 20131115185354Bh.jpg r=905.1 47s
239 20131115185414Sh.jpg r=907.1 52s
240 20131115185514Mh.jpg r=904.8 54s
241 20131115185614Mh.jpg r=904.8 56s
242 20131201191934Ch.jpg r=904.8 61s
243 20131201192034Ch.jpg r=904.7 65s
244 20131201192114Sh.jpg r=908.4 69s
245 20131201192154Bh.jpg r=906.6 73s
246 20131201192234Ch.jpg r=904.9 79s
247 20131201192334Ch.jpg r=904.8 83s
248 20131225065134Lh.jpg r=905.3 86s
249 20131225065234Lh.jpg r=905.2 90s
250 20131225065254Uh.jpg r=905.3 93s
251 20140122180014Mh.jpg r=905.2 97s
252 20140122180114Mh.jpg r=905.2 102s
253 20140122180154Bh.jpg r=904.9 106s
254 20140122180214Sh.jpg r=907.9 110s
255 20140122180314Mh.jpg r=905.2 115s
256 20140122180414Mh.jpg r=905.1 119s
257 20140212024534Lh.jpg r=904.7 122s
258 20140212024634Lh.jpg r=904.3 124s
259 20140212024654Uh.jpg r=904.7 129s
260 20140212024754Uh.jpg r=904.6 132s
261 20140212024854Uh.jpg r=904.6 137s
262 20140312025434Lh.jpg r=905.1 142s
263 20140312025534Lh.jpg r=905.0 147s
264 20140312025554Uh.jpg r=905.5 150s
265 20140312081054Uh.jpg r=905.6 154s
266 20140312081134Lh.jpg r=905.2 159s
267 20140312081214Th.jpg r=905.9 167s
268 20140312081314Th.jpg r=905.8 170s
269 20140312081414Th.jpg r=905.9 174s
270 20140409081554Uh.jpg r=905.8 177s
271 20140409081634Lh.jpg r=905.1 180s
272 20140409081714Th.jpg r=907.0 182s
273 20140409081814Th.jpg r=905.4 184s
274 20140409081914Th.jpg r=904.7 187s
275 20140428233214Sh.jpg r=906.4 192s
276 20140428233254Bh.jpg r=905.4 197s
277 20140428233334Lh.jpg r=906.1 201s
278 20140428233434Lh.jpg r=905.5 205s
279 20140428233534Lh.jpg r=905.5 209s
280 20140513012534Lh.jpg r=904.5 212s
281 20140513012554Bh.jpg r=904.4 216s
282 20140513012654Uh.jpg r=905.2 219s
283 20140513012754Uh.jpg r=905.2 222s
284 20140513012854Uh.jpg r=905.2 226s
285 20140601195614Mh.jpg r=905.0 231s
286 20140601195714Mh.jpg r=904.7 234s
287 20140601195754Bh.jpg r=905.0 237s
288 20140601195754Zh.jpg r=904.9 239s
289 20140601195914Mh.jpg r=904.8 243s
290 20140601200014Mh.jpg r=904.9 246s
291 20140609195654Bh.jpg r=904.6 250s
292 20140609195754Bh.jpg r=904.7 253s
293 20140609195834Ch.jpg r=904.7 257s
294 20140609195854Zh.jpg r=905.1 261s
295 20140609195954Bh.jpg r=904.6 266s
296 20140609200054Bh.jpg r=904.7 273s
297 20140710083154Uh.jpg r=905.6 277s
298 20140710083234Lh.jpg r=904.4 282s
299 20140710083414Th.jpg r=905.1 286s
300 20140723071534Lh.jpg r=905.0 289s
301 20140723071634Lh.jpg r=904.8 293s
302 20140723071714Th.jpg r=905.5 297s
303 20140723071814Th.jpg r=905.4 300s
304 20140723071914Th.jpg r=905.2 305s
305 20140806195634Ch.jpg r=905.2 309s
306 20140806195734Ch.jpg r=905.7 315s
307 20140806195814Mh.jpg r=904.3 319s
308 20140806195814Sh.jpg r=907.7 323s
309 20140806195934Ch.jpg r=905.1 325s
310 20140806200034Ch.jpg r=904.7 329s
311 20140817195634Ch.jpg r=904.5 335s
312 20140817195734Ch.jpg r=904.8 341s
313 20140817195814Mh.jpg r=904.5 344s
314 20140817195814Sh.jpg r=908.8 347s
315 20140817195934Ch.jpg r=904.9 351s
316 20140817200034Ch.jpg r=904.8 363s
317 20140908175334Ch.jpg r=905.5 368s
318 20140908175414Mh.jpg r=904.3 371s
319 20140908175454Bh.jpg r=904.6 376s
320 20140908231314Sh.jpg r=907.9 381s
321 20140908231354Bh.jpg r=905.1 385s
322 20140908231434Lh.jpg r=904.9 390s
323 20140908231534Lh.jpg r=904.9 395s
324 20140908231634Lh.jpg r=905.0 399s
325 20141001195634Ch.jpg r=905.1 403s
326 20141001195734Ch.jpg r=904.6 409s
327 20141001195814Sh.jpg r=907.3 410s
328 20141001195854Bh.jpg r=905.4 412s
329 20141001195934Ch.jpg r=904.6 416s
330 20141001200034Ch.jpg r=904.3 420s
331 20141010195534Ch.jpg r=904.5 424s
332 20141010195634Ch.jpg r=904.9 428s
333 20141010195734Ch.jpg r=904.5 432s
334 20141010195814Mh.jpg r=904.8 435s
335 20141010195814Sh.jpg r=907.7 438s
336 20141010200034Ch.jpg r=904.7 441s
337 20141024195634Ch.jpg r=905.0 446s
338 20141024195734Ch.jpg r=904.7 450s
339 20141024195814Mh.jpg r=904.5 459s
340 20141024195814Sh.jpg r=906.5 463s
341 20141024195934Ch.jpg r=905.0 467s
342 20141024200034Ch.jpg r=905.0 471s
343 20141106195654Bh.jpg r=905.4 476s
344 20141106195754Bh.jpg r=905.7 480s
345 20141106195834Ch.jpg r=904.8 483s
346 20141106195854Zh.jpg r=904.8 488s
347 20141106195954Bh.jpg r=905.5 494s
348 20141106200054Bh.jpg r=905.5 497s
349 20141214201634Ch.jpg r=905.0 499s
350 20141214201734Ch.jpg r=904.5 500s
351 20141214201814Sh.jpg r=905.9 501s
352 20141214201854Bh.jpg r=906.5 504s
353 20141214201934Ch.jpg r=904.5 508s
354 20141214202034Ch.jpg r=904.6 512s
355 20150116081834Lh.jpg r=905.0 515s
356 20150116081934Lh.jpg r=905.0 517s
357 20150116081954Uh.jpg r=905.6 520s
358 20150116082054Uh.jpg r=905.9 525s
359 20150116082134Lh.jpg r=905.1 528s
360 20150116082234Lh.jpg r=905.0 535s
361 20150207084334Lh.jpg r=904.9 540s
362 20150207084354Uh.jpg r=905.7 544s
363 20150207084514Th.jpg r=906.0 547s
364 20150207084614Th.jpg r=906.0 552s
365 20150207084714Th.jpg r=906.0 555s
366 20150228082334Lh.jpg r=905.0 558s
367 20150228082434Lh.jpg r=905.0 561s
368 20150228082514Th.jpg r=905.8 564s
369 20150228082614Th.jpg r=906.0 568s
370 20150228082714Th.jpg r=905.9 571s
371 20150315081834Lh.jpg r=904.7 573s
372 20150315081934Lh.jpg r=904.8 575s
373 20150315082014Th.jpg r=905.0 578s
374 20150315082054Uh.jpg r=905.9 580s
375 20150315082134Lh.jpg r=904.8 581s
376 20150315082234Lh.jpg r=904.8 584s
377 20150330081754Uh.jpg r=905.8 585s
378 20150330081854Uh.jpg r=906.0 586s
379 20150330082054Uh.jpg r=906.0 588s
380 20150330082154Uh.jpg r=905.8 591s
381 20150427162314Sh.jpg r=908.0 593s
382 20150427162314Th.jpg r=905.4 595s
383 20150427162414Mh.jpg r=904.8 598s
384 20150427162514Mh.jpg r=904.8 599s
385 20150427162614Mh.jpg r=904.8 602s
386 20150610081814Th.jpg r=905.3 605s
387 20150610081914Th.jpg r=905.4 607s
388 20150610081954Uh.jpg r=905.5 609s
389 20150610082034Lh.jpg r=904.6 612s
390 20150610082114Th.jpg r=905.3 614s
391 20150610082214Th.jpg r=905.3 616s
392 20150621161314Sh.jpg r=908.3 620s
393 20150621161314Th.jpg r=905.2 622s
394 20150621161414Mh.jpg r=904.7 625s
395 20150621161514Mh.jpg r=904.6 627s
396 20150621161614Mh.jpg r=904.8 634s
397 20150630083134Lh.jpg r=904.5 636s
398 20150630083234Lh.jpg r=904.6 638s
399 20150630083314Th.jpg r=905.0 641s
400 20150720081814Th.jpg r=905.2 642s
401 20150720081834Lh.jpg r=904.8 645s
402 20150720081914Th.jpg r=905.2 647s
403 20150720082114Th.jpg r=905.2 649s
404 20150720082214Th.jpg r=905.3 650s
405 20150820152234Ch.jpg r=904.0 651s
406 20150820152254Zh.jpg r=904.3 652s
407 20150820152354Bh.jpg r=906.1 653s
408 20150919165814Sh.jpg r=908.2 654s
409 20150919165814Th.jpg r=905.4 655s
410 20150919165914Mh.jpg r=905.0 656s
411 20150919170014Mh.jpg r=904.6 657s
412 20150919170114Mh.jpg r=904.7 659s
413 20151019223514Mh.jpg r=904.8 660s
414 20151019223514Sh.jpg r=907.6 661s
415 20151019223634Lh.jpg r=904.1 662s
416 20151019223734Lh.jpg r=904.1 664s
417 20151019223834Lh.jpg r=904.2 665s
418 20151117172254Zh.jpg r=904.7 666s
419 20151117172314Sh.jpg r=900.4 667s
420 20151117172414Mh.jpg r=905.4 668s
421 20151117172514Mh.jpg r=905.0 669s
422 20151117172614Mh.jpg r=905.1 670s
423 20151209201734Ch.jpg r=905.1 671s
424 20151209201814Mh.jpg r=905.1 672s
425 20151209201854Bh.jpg r=907.4 673s
426 20151226133534Ch.jpg r=904.6 674s
427 20151226133634Ch.jpg r=904.3 675s
428 20151226133714Th.jpg r=905.3 676s
429 20151226133814Th.jpg r=905.2 677s
430 20151226133834Ch.jpg r=904.7 678s
431 20151226133934Ch.jpg r=904.7 678s
432 20160110133514Th.jpg r=905.2 679s
433 20160110133614Th.jpg r=905.1 680s
434 20160110133634Ch.jpg r=904.1 681s
435 20160110133734Ch.jpg r=904.0 682s
436 20160110133814Th.jpg r=905.4 683s
437 20160110133914Th.jpg r=905.3 684s
438 20160204133534Ch.jpg r=904.0 686s
439 20160204133634Ch.jpg r=904.0 687s
440 20160204133834Ch.jpg r=904.0 688s
441 20160204133934Ch.jpg r=904.4 689s
442 20160226173154Bh.jpg r=906.5 690s
443 20160226173214Sh.jpg r=919.3 692s
444 20160226173314Mh.jpg r=904.7 693s
445 20160226173414Mh.jpg r=904.6 694s
446 20160226173514Mh.jpg r=904.9 695s
447 20160315133514Th.jpg r=905.5 696s
448 20160315133534Ch.jpg r=904.6 697s
449 20160315133614Th.jpg r=905.4 699s
450 20160315133814Th.jpg r=905.3 700s
451 20160315133914Th.jpg r=905.3 701s
452 20160315133934Ch.jpg r=906.4 703s
453 20160401133534Ch.jpg r=904.2 704s
454 20160401133634Ch.jpg r=904.2 705s
455 20160401133714Th.jpg r=905.3 706s
456 20160401133814Th.jpg r=905.4 709s
457 20160401133834Ch.jpg r=904.7 712s
458 20160401133934Ch.jpg r=904.1 714s
459 20160401170314Sh.jpg r=908.4 715s
460 20160401170314Th.jpg r=905.4 717s
461 20160401170414Mh.jpg r=904.6 720s
462 20160401170514Mh.jpg r=904.6 723s
463 20160401170614Mh.jpg r=904.7 725s
464 20160430133514Th.jpg r=905.3 727s
465 20160430133614Th.jpg r=905.1 729s
466 20160430133654Zh.jpg r=904.1 731s
467 20160430133734Ch.jpg r=903.6 732s
468 20160430133814Th.jpg r=905.5 735s
469 20160430133914Th.jpg r=905.3 736s
470 20160430133534Ch.jpg r=903.9 738s
471 20160430133634Ch.jpg r=903.7 740s
472 20160430133714Th.jpg r=905.1 741s
473 20160430133754Zh.jpg r=904.2 743s
474 20160430133834Ch.jpg r=903.8 745s
475 20160430133934Ch.jpg r=903.7 746s
476 20160526011234Lh.jpg r=903.7 748s
477 20160526011314Sh.jpg r=909.4 750s
478 20160526011354Uh.jpg r=905.5 752s
479 20160526011454Uh.jpg r=905.8 754s
480 20160526011554Uh.jpg r=905.4 755s
481 20160617133554Bh.jpg r=906.3 757s
482 20160617133634Ch.jpg r=902.1 759s
483 20160617133654Zh.jpg r=904.0 760s
484 20160617133754Bh.jpg r=906.2 762s
485 20160617133854Bh.jpg r=906.4 764s
486 20160617133954Bh.jpg r=906.1 765s
487 20160703133514Th.jpg r=905.6 768s
488 20160703133614Th.jpg r=905.5 770s
489 20160703133654Zh.jpg r=904.0 772s
490 20160703133714Sh.jpg r=905.6 773s
491 20160703133814Th.jpg r=905.5 775s
492 20160703133914Th.jpg r=905.6 777s
493 20160804133534Ch.jpg r=903.9 779s
494 20160804133634Ch.jpg r=904.0 781s
495 20160804133714Th.jpg r=905.5 783s
496 20160804133814Th.jpg r=905.2 784s
497 20160804133834Ch.jpg r=904.0 786s
498 20160804133934Ch.jpg r=903.9 787s
499 20160920230114Mh.jpg r=904.9 789s
500 20160920230114Sh.jpg r=904.9 790s
501 20160920230234Lh.jpg r=905.2 792s
502 20160920230334Lh.jpg r=905.3 793s
503 20160920230434Lh.jpg r=905.3 794s
504 20161012133534Ch.jpg r=904.4 796s
505 20161012133634Ch.jpg r=904.0 797s
506 20161012133714Th.jpg r=905.5 798s
507 20161012133814Th.jpg r=905.3 799s
508 20161012133834Ch.jpg r=904.5 801s
509 20161012133934Ch.jpg r=904.2 802s
510 20161109171714Sh.jpg r=905.0 804s
511 20161109171714Th.jpg r=925.5 805s
512 20161109171814Mh.jpg r=904.9 807s
513 20161109171914Mh.jpg r=904.8 809s
514 20161109172014Mh.jpg r=905.0 811s
515 20161205133514Th.jpg r=905.3 812s
516 20161205133614Th.jpg r=905.2 813s
517 20161205133634Ch.jpg r=904.1 815s
518 20161205133734Ch.jpg r=904.0 816s
519 20161205133814Th.jpg r=905.2 818s
520 20161205133914Th.jpg r=905.1 819s
521 20161224024134Lh.jpg r=904.5 820s
522 20161224024214Mh.jpg r=904.8 822s
523 20161224024254Uh.jpg r=906.2 824s
524 20161224024354Uh.jpg r=906.1 826s
525 20161224024454Uh.jpg r=906.1 827s
526 20170106133514Th.jpg r=905.1 828s
527 20170106133614Th.jpg r=905.3 830s
528 20170106133634Ch.jpg r=904.6 831s
529 20170106133734Ch.jpg r=904.9 832s
530 20170106133814Th.jpg r=905.2 833s
531 20170106133914Th.jpg r=905.2 834s
