0 20110109104734Ch nb=0 lab=0 test=0 0s
1 20110203082634Lh nb=1 lab=1 test=0 4s
2 20110220082634Lh nb=1 lab=1 test=0 6s
3 20110313082654Uh nb=1 lab=1 test=0 12s
4 20110326170914Mh nb=2 lab=2 test=0 24s
5 20110425063154Uh nb=1 lab=0 test=1 26s
6 20110511063154Uh nb=2 lab=2 test=0 33s
7 20110525063154Uh nb=2 lab=2 test=0 37s
8 20110615133454Bh nb=2 lab=2 test=0 42s
9 20110623063134Lh nb=1 lab=1 test=0 43s
10 20110727063234Lh nb=1 lab=1 test=0 45s
11 20110823120334Ch nb=1 lab=1 test=0 49s
12 20110918112834Ch nb=0 lab=0 test=0 49s
13 20111019063154Uh nb=2 lab=1 test=1 53s
14 20111112193254Bh nb=2 lab=1 test=1 60s
15 20111206102934Ch nb=1 lab=1 test=0 61s
16 20111222063154Uh nb=1 lab=1 test=0 63s
17 20120104063134Lh nb=1 lab=1 test=0 66s
18 20120127085214Th nb=0 lab=0 test=0 66s
19 20120215153654Bh nb=1 lab=1 test=0 69s
20 20120227161654Bh nb=1 lab=1 test=0 71s
21 20120328164614Mh nb=2 lab=2 test=0 76s
22 20120414115434Ch nb=1 lab=1 test=0 78s
23 20120414175914Mh nb=1 lab=1 test=0 79s
24 20120509163414Mh nb=0 lab=0 test=0 79s
25 20120627162114Mh nb=0 lab=0 test=0 79s
26 20120723095014Th nb=0 lab=0 test=0 80s
27 20120802090314Th nb=2 lab=2 test=0 85s
28 20120814140454Bh nb=4 lab=3 test=1 92s
29 20120814163114Mh nb=4 lab=3 test=1 99s
30 20120907141954Bh nb=0 lab=0 test=0 99s
31 20120928063134Lh nb=0 lab=0 test=0 99s
32 20121021145454Bh nb=1 lab=1 test=0 101s
33 20121030150354Bh nb=0 lab=0 test=0 101s
34 20121118092514Th nb=0 lab=0 test=0 101s
35 20121219063154Uh nb=2 lab=1 test=1 105s
36 20130116172814Mh nb=0 lab=0 test=0 105s
37 20130214111534Ch nb=2 lab=1 test=1 108s
38 20130225171214Mh nb=0 lab=0 test=0 108s
39 20130314165714Mh nb=1 lab=0 test=1 110s
40 20130404063134Lh nb=1 lab=1 test=0 111s
41 20130423072414Th nb=0 lab=0 test=0 112s
42 20130517063134Lh nb=0 lab=0 test=0 112s
43 20130616070414Th nb=1 lab=1 test=0 114s
44 20130716162214Mh nb=1 lab=1 test=0 116s
45 20130807073114Th nb=3 lab=3 test=0 120s
46 20130813060834Lh nb=2 lab=1 test=1 124s
47 20130905073714Th nb=1 lab=1 test=0 125s
48 20130925143254Bh nb=1 lab=1 test=0 127s
49 20131013185334Ch nb=1 lab=1 test=0 129s
50 20131025185414Mh nb=2 lab=1 test=1 134s
51 20131101222734Lh nb=1 lab=1 test=0 136s
52 20131115185414Mh nb=2 lab=2 test=0 139s
53 20131201192134Ch nb=1 lab=1 test=0 140s
54 20131225065154Uh nb=1 lab=1 test=0 143s
55 20140122180214Mh nb=0 lab=0 test=0 143s
56 20140212024554Uh nb=2 lab=2 test=0 147s
57 20140312025454Uh nb=1 lab=1 test=0 149s
58 20140312081114Th nb=1 lab=1 test=0 151s
59 20140409081614Th nb=2 lab=1 test=1 152s
60 20140428233234Lh nb=1 lab=1 test=0 154s
61 20140513012554Uh nb=1 lab=0 test=1 155s
62 20140601195814Mh nb=2 lab=2 test=0 158s
63 20140609195854Bh nb=1 lab=1 test=0 159s
64 20140710083214Th nb=2 lab=1 test=1 162s
65 20140723071614Th nb=0 lab=0 test=0 162s
66 20140806195834Ch nb=1 lab=1 test=0 164s
67 20140817195834Ch nb=2 lab=2 test=0 167s
68 20140908175354Bh nb=2 lab=1 test=1 170s
69 20140908231334Lh nb=2 lab=1 test=1 174s
70 20141001195834Ch nb=0 lab=0 test=0 174s
71 20141010195834Ch nb=3 lab=2 test=1 188s
72 20141024195834Ch nb=3 lab=3 test=0 196s
73 20141106195854Bh nb=2 lab=1 test=1 201s
74 20141214201834Ch nb=0 lab=0 test=0 201s
75 20150116082034Lh nb=0 lab=0 test=0 202s
76 20150207084414Th nb=0 lab=0 test=0 202s
77 20150228082414Th nb=1 lab=1 test=0 203s
78 20150315082034Lh nb=1 lab=1 test=0 205s
79 20150330081954Uh nb=0 lab=0 test=0 205s
80 20150427162314Mh nb=0 lab=0 test=0 206s
81 20150610082014Th nb=0 lab=0 test=0 206s
82 20150621161314Mh nb=3 lab=1 test=2 213s
83 20150630083214Th nb=1 lab=1 test=0 214s
84 20150720082014Th nb=2 lab=2 test=0 220s
85 20150820152254Bh nb=1 lab=1 test=0 224s
86 20150919165814Mh nb=0 lab=0 test=0 224s
87 20151019223534Lh nb=0 lab=0 test=0 224s
88 20151117172314Mh nb=5 lab=4 test=1 235s
89 20151209201754Bh nb=0 lab=0 test=0 235s
90 20151226133734Ch nb=3 lab=2 test=1 240s
91 20160110133714Th nb=0 lab=0 test=0 240s
92 20160204133734Ch nb=0 lab=0 test=0 240s
93 20160226173214Mh nb=2 lab=1 test=1 244s
94 20160315133714Th nb=0 lab=0 test=0 244s
95 20160401133734Ch nb=2 lab=2 test=0 249s
96 20160401170314Mh nb=3 lab=3 test=0 255s
97 20160430133714Th nb=2 lab=2 test=0 258s
98 20160430133734Ch nb=2 lab=2 test=0 261s
99 20160526011254Uh nb=0 lab=0 test=0 262s
100 20160617133654Bh nb=0 lab=0 test=0 262s
101 20160703133714Th nb=0 lab=0 test=0 262s
102 20160804133734Ch nb=0 lab=0 test=0 262s
103 20160920230134Lh nb=0 lab=0 test=0 263s
104 20161012133734Ch nb=1 lab=1 test=0 264s
105 20161109171714Mh nb=3 lab=2 test=1 268s
106 20161205133714Th nb=0 lab=0 test=0 268s
107 20161224024154Uh nb=2 lab=2 test=0 272s
108 20170106133714Th nb=1 lab=1 test=0 273s
109 20170125133734Ch nb=0 lab=0 test=0 273s
110 20170316133730Ch nb=0 lab=0 test=0 274s
111 20170408133710Th nb=0 lab=0 test=0 274s
112 20170423014350Uh nb=0 lab=0 test=0 274s
113 20170609133710Th nb=0 lab=0 test=0 274s
114 20170719235330Lh nb=0 lab=0 test=0 274s
115 20170804140650Bh nb=2 lab=2 test=0 279s
116 20170831170750Bh nb=0 lab=0 test=0 279s
117 20171007133710Th nb=4 lab=4 test=0 288s
118 20171007133730Ch nb=4 lab=4 test=0 295s
119 20171025133730Ch nb=1 lab=1 test=0 296s
120 20171025223130Lh nb=3 lab=2 test=1 302s
121 20171106171510Mh nb=1 lab=0 test=1 303s
122 20171123133730Ch nb=3 lab=2 test=1 311s
123 20171123222130Lh nb=3 lab=2 test=1 317s
124 20180306081810Th nb=0 lab=0 test=0 317s
125 20180712123630Ch nb=1 lab=1 test=0 320s
126 20180825205030Ch nb=0 lab=0 test=0 321s
127 20180926014350Uh nb=2 lab=2 test=0 324s
128 20181102104630Ch nb=1 lab=1 test=0 326s
129 20190609123330Ch nb=1 lab=1 test=0 329s
130 20190704123830Ch nb=0 lab=0 test=0 329s
131 20200105073250Uh nb=0 lab=0 test=0 329s
132 20200806053830Lh nb=1 lab=0 test=1 330s
133 20210201020330Lh nb=0 lab=0 test=0 331s
134 20210616142650Bh nb=0 lab=0 test=0 331s
135 20210721123430Ch nb=0 lab=0 test=0 331s
136 20210814044930Lh nb=2 lab=2 test=0 335s
137 20211222120130Ch nb=1 lab=0 test=1 336s
138 20220122085210Th nb=0 lab=0 test=0 337s
139 20220622205632Bh nb=1 lab=0 test=1 338s
140 20220803074752Th nb=0 lab=0 test=0 338s
done
