256 cross-site pairs <=30h; 13 within 1h; testing 36
dt=  0.0h 20150913082014Th -> 20150913082034Lh P_eph=  23.7 B0=  7.2 | best rate=-1.0 P=0 c=0.409 | c(rate1,P0)=0.407 c(rate0)=0.408 c(rate-1)=0.409 c(rate1,P=Peph~24)~0.407
dt=  0.0h 20201228202430Ch -> 20201228202510Mh P_eph=   3.5 B0= -2.7 | best rate=1.0 P=-30 c=0.402 | c(rate1,P0)=0.402 c(rate0)=0.401 c(rate-1)=0.400 c(rate1,P=Peph~3)~0.402
dt=  0.0h 20211229120130Ch -> 20211229120210Th P_eph=   3.3 B0= -2.7 | best rate=1.0 P=30 c=0.656 | c(rate1,P0)=0.655 c(rate0)=0.652 c(rate-1)=0.649 c(rate1,P=Peph~3)~0.655
dt=  0.0h 20160327133714Th -> 20160327133734Ch P_eph= -25.9 B0= -6.8 | best rate=1.0 P=-30 c=0.464 | c(rate1,P0)=0.463 c(rate0)=0.463 c(rate-1)=0.464 c(rate1,P=Peph~-26)~0.464
dt=  0.0h 20141013195834Ch -> 20141013195854Bh P_eph=  26.2 B0=  6.0 | best rate=1.0 P=-30 c=0.786 | c(rate1,P0)=0.785 c(rate0)=0.784 c(rate-1)=0.783 c(rate1,P=Peph~26)~0.785
dt=  0.0h 20130303063134Lh -> 20130303063154Uh P_eph= -22.1 B0= -7.2 | best rate=1.0 P=-30 c=0.821 | c(rate1,P0)=0.820 c(rate0)=0.820 c(rate-1)=0.820 c(rate1,P=Peph~-22)~0.821
dt=  0.0h 20120330063134Lh -> 20120330063154Uh P_eph= -26.1 B0= -6.6 | best rate=-1.0 P=0 c=0.834 | c(rate1,P0)=0.830 c(rate0)=0.832 c(rate-1)=0.834 c(rate1,P=Peph~-26)~0.830
dt=  0.0h 20150625082014Th -> 20150625082034Lh P_eph=  -5.4 B0=  2.2 | best rate=-1.0 P=0 c=0.446 | c(rate1,P0)=0.445 c(rate0)=0.445 c(rate-1)=0.446 c(rate1,P=Peph~-5)~0.445
dt= 24.0h 20141104195854Bh -> 20141105195814Mh P_eph=  23.6 B0=  3.9 | best rate=1.0 P=0 c=0.098 | c(rate1,P0)=0.098 c(rate0)=0.006 c(rate-1)=-0.013 c(rate1,P=Peph~24)~0.001
dt= 21.3h 20120813164714Mh -> 20120814140454Bh P_eph=  16.0 B0=  6.6 | best rate=1.0 P=0 c=0.108 | c(rate1,P0)=0.108 c(rate0)=-0.001 c(rate-1)=0.007 c(rate1,P=Peph~16)~-0.007
dt= 20.0h 20141027025054Uh -> 20141027224834Lh P_eph=  25.1 B0=  4.8 | best rate=1.0 P=0 c=0.250 | c(rate1,P0)=0.250 c(rate0)=-0.002 c(rate-1)=-0.000 c(rate1,P=Peph~25)~0.008
dt= 25.8h 20160627133734Ch -> 20160628152654Bh P_eph=  -3.6 B0=  2.6 | best rate=1.0 P=3 c=0.038 | c(rate1,P0)=0.030 c(rate0)=0.005 c(rate-1)=-0.003 c(rate1,P=Peph~-4)~0.004
dt= 19.1h 20210810121630Ch -> 20210811072510Th P_eph=  14.8 B0=  6.4 | best rate=1.0 P=0 c=0.079 | c(rate1,P0)=0.079 c(rate0)=-0.008 c(rate-1)=0.000 c(rate1,P=Peph~15)~-0.007
dt=  4.0h 20130609133454Bh -> 20130609173414Mh P_eph= -11.9 B0=  0.4 | best rate=1.0 P=0 c=0.387 | c(rate1,P0)=0.387 c(rate0)=-0.024 c(rate-1)=-0.007 c(rate1,P=Peph~-12)~0.207
dt= 25.7h 20180925000030Lh -> 20180926014350Uh P_eph=  25.5 B0=  6.9 | best rate=1.0 P=0 c=0.046 | c(rate1,P0)=0.046 c(rate0)=-0.014 c(rate-1)=0.004 c(rate1,P=Peph~26)~-0.005
dt=  3.4h 20160401133734Ch -> 20160401170314Mh P_eph= -26.2 B0= -6.5 | best rate=1.0 P=0 c=0.338 | c(rate1,P0)=0.338 c(rate0)=-0.009 c(rate-1)=-0.001 c(rate1,P=Peph~-26)~0.034
dt= 24.9h 20160430133734Ch -> 20160501143154Bh P_eph= -23.9 B0= -4.1 | best rate=1.0 P=0 c=0.070 | c(rate1,P0)=0.070 c(rate0)=-0.002 c(rate-1)=0.002 c(rate1,P=Peph~-24)~-0.001
dt= 24.0h 20110510063134Lh -> 20110511063154Uh P_eph= -22.0 B0= -3.1 | best rate=1.0 P=0 c=0.123 | c(rate1,P0)=0.123 c(rate0)=0.014 c(rate-1)=0.002 c(rate1,P=Peph~-22)~-0.005
dt= 20.2h 20130716162214Mh -> 20130717123434Ch P_eph=   4.8 B0=  4.6 | best rate=1.0 P=0 c=0.138 | c(rate1,P0)=0.138 c(rate0)=0.009 c(rate-1)=0.006 c(rate1,P=Peph~5)~-0.005
dt=  3.6h 20131027185354Bh -> 20131027223034Lh P_eph=  25.1 B0=  4.8 | best rate=1.0 P=0 c=0.467 | c(rate1,P0)=0.467 c(rate0)=-0.028 c(rate-1)=-0.002 c(rate1,P=Peph~25)~0.031
dt=  4.0h 20151117172314Mh -> 20151117212434Ch P_eph=  20.7 B0=  2.6 | best rate=1.0 P=0 c=0.505 | c(rate1,P0)=0.505 c(rate0)=-0.029 c(rate-1)=0.002 c(rate1,P=Peph~21)~0.129
dt= 14.6h 20141225024354Uh -> 20141225172214Mh P_eph=   5.2 B0= -2.2 | best rate=1.0 P=0 c=0.205 | c(rate1,P0)=0.205 c(rate0)=-0.006 c(rate-1)=0.002 c(rate1,P=Peph~5)~0.111
dt= 11.8h 20181101230010Mh -> 20181102104630Ch P_eph=  24.2 B0=  4.3 | best rate=1.0 P=0 c=0.143 | c(rate1,P0)=0.143 c(rate0)=-0.001 c(rate-1)=0.012 c(rate1,P=Peph~24)~-0.011
dt= 18.8h 20120725122934Ch -> 20120726071914Th P_eph=   8.6 B0=  5.4 | best rate=1.0 P=0 c=0.148 | c(rate1,P0)=0.148 c(rate0)=-0.007 c(rate-1)=0.002 c(rate1,P=Peph~9)~0.019
dt=  5.3h 20140312025454Uh -> 20140312081114Th P_eph= -23.9 B0= -7.2 | best rate=1.0 P=-3 c=0.478 | c(rate1,P0)=0.475 c(rate0)=-0.009 c(rate-1)=0.003 c(rate1,P=Peph~-24)~0.059
dt= 16.3h 20150629161614Mh -> 20150630083214Th P_eph=  -3.1 B0=  2.7 | best rate=1.0 P=3 c=0.020 | c(rate1,P0)=0.016 c(rate0)=0.010 c(rate-1)=-0.005 c(rate1,P=Peph~-3)~0.005
dt=  3.3h 20131109190514Mh -> 20131109222434Lh P_eph=  22.7 B0=  3.4 | best rate=1.0 P=3 c=0.480 | c(rate1,P0)=0.475 c(rate0)=-0.042 c(rate-1)=0.005 c(rate1,P=Peph~23)~0.173
dt= 22.2h 20160628152654Bh -> 20160629133714Th P_eph=  -3.2 B0=  2.7 | best rate=1.0 P=0 c=0.076 | c(rate1,P0)=0.076 c(rate0)=0.000 c(rate-1)=-0.005 c(rate1,P=Peph~-3)~0.040
dt=  8.1h 20130903060834Lh -> 20130903141654Bh P_eph=  21.7 B0=  7.2 | best rate=1.0 P=-3 c=0.277 | c(rate1,P0)=0.269 c(rate0)=0.002 c(rate-1)=-0.010 c(rate1,P=Peph~22)~-0.035
dt= 17.4h 20141009023454Uh -> 20141009195814Mh P_eph=  26.3 B0=  6.2 | best rate=1.0 P=0 c=0.211 | c(rate1,P0)=0.211 c(rate0)=-0.010 c(rate-1)=0.000 c(rate1,P=Peph~26)~-0.002
dt= 10.8h 20220328035030Lh -> 20220328143550Bh P_eph= -25.9 B0= -6.7 | best rate=1.0 P=0 c=0.257 | c(rate1,P0)=0.257 c(rate0)=0.011 c(rate-1)=0.000 c(rate1,P=Peph~-26)~-0.012
dt= 25.0h 20160927133734Ch -> 20160928143554Bh P_eph=  25.8 B0=  6.8 | best rate=1.0 P=0 c=0.049 | c(rate1,P0)=0.049 c(rate0)=0.009 c(rate-1)=0.004 c(rate1,P=Peph~26)~0.007
dt= 24.0h 20170329133730Ch -> 20170330133710Th P_eph= -26.1 B0= -6.6 | best rate=1.0 P=0 c=0.071 | c(rate1,P0)=0.071 c(rate0)=0.003 c(rate-1)=-0.000 c(rate1,P=Peph~-26)~-0.004
dt=  5.6h 20110923112234Ch -> 20110923165814Mh P_eph=  25.2 B0=  7.0 | best rate=1.0 P=0 c=0.353 | c(rate1,P0)=0.353 c(rate0)=-0.022 c(rate-1)=0.006 c(rate1,P=Peph~25)~-0.022
dt= 23.4h 20110531070514Th -> 20110601063134Lh P_eph= -15.5 B0= -0.7 | best rate=1.0 P=0 c=0.120 | c(rate1,P0)=0.120 c(rate0)=0.003 c(rate-1)=0.012 c(rate1,P=Peph~-15)~-0.011
dt= 19.7h 20120113104834Ch -> 20120114063154Uh P_eph=  -4.0 B0= -4.4 | best rate=1.0 P=0 c=0.159 | c(rate1,P0)=0.159 c(rate0)=0.001 c(rate-1)=0.007 c(rate1,P=Peph~-4)~0.116
